input: |-
  (set a "Hello world!")
  (print a)

buffer: |-
  ["m", "a", "k", "s", "i", "m"]

log:
- output: |
    2

output:
  instruction_memory:
  - opcode: JMP
    address: 1
    index: 0
  - opcode: PUSH
    reg1: 10
    index: 1
  - opcode: PUSH
    reg1: 11
    index: 2
  - opcode: PUSH
    reg1: 12
    index: 3
  - opcode: LDR
    reg1: 12
    address: 0
    index: 4
  - opcode: LDR
    reg1: 11
    address: 1
    index: 5
  - opcode: LDR
    reg1: 10
    address: 512
    index: 6
  - opcode: JZ
    reg1: 10
    address: 13
    index: 7
  - opcode: LDR
    reg1: 10
    address: 513
    index: 8
  - opcode: STR
    reg1: 10
    reg2: 11
    index: 9
  - opcode: CMP
    reg1: 10
    reg2: 10
    index: 10
  - opcode: ADD
    reg1: 11
    reg2: 10
    index: 11
  - opcode: JMP
    address: 6
    index: 12
  - opcode: STR
    reg1: 12
    reg2: 11
    index: 13
  - opcode: POP
    reg1: 12
    index: 14
  - opcode: POP
    reg1: 11
    index: 15
  - opcode: POP
    reg1: 10
    index: 16
  - opcode: LDR
    reg1: 13
    address: 1
    index: 17
  - opcode: PUSH
    reg1: 13
    index: 18
  - opcode: POP
    reg1: 0
    index: 19
  - opcode: PUSH
    reg1: 10
    index: 20
  - opcode: PUSH
    reg1: 11
    index: 21
  - opcode: PUSH
    reg1: 12
    index: 22
  - opcode: LDR
    reg1: 11
    address: 2
    index: 23
  - opcode: LDR
    reg1: 13
    address: 3
    index: 24
  - opcode: MOV
    reg1: 12
    reg2: 0
    index: 25
  - opcode: ILDR
    reg1: 10
    reg2: 12
    index: 26
  - opcode: STR
    reg1: 10
    reg2: 11
    index: 27
  - opcode: CMP
    reg1: 10
    reg2: 13
    index: 28
  - opcode: JZ
    reg1: 10
    address: 31
    index: 29
  - opcode: JMP
    address: 34
    index: 30
  - opcode: CMP
    reg1: 10
    reg2: 10
    index: 31
  - opcode: ADD
    reg1: 12
    reg2: 10
    index: 32
  - opcode: JMP
    address: 26
    index: 33
  - opcode: CMP
    reg1: 13
    reg2: 13
    index: 34
  - opcode: PUSH
    reg1: 11
    index: 35
  - opcode: POP
    reg1: 12
    index: 36
  - opcode: POP
    reg1: 11
    index: 37
  - opcode: POP
    reg1: 10
    index: 38
  - opcode: JMP
    address: -1
    index: 39
  - opcode: LDR
    reg1: 0
    address: 128
    index: 40
  - opcode: PUSH
    reg1: 10
    index: 41
  - opcode: PUSH
    reg1: 11
    index: 42
  - opcode: PUSH
    reg1: 12
    index: 43
  - opcode: LDR
    reg1: 11
    address: 129
    index: 44
  - opcode: LDR
    reg1: 13
    address: 130
    index: 45
  - opcode: MOV
    reg1: 12
    reg2: 0
    index: 46
  - opcode: ILDR
    reg1: 10
    reg2: 12
    index: 47
  - opcode: STR
    reg1: 10
    reg2: 11
    index: 48
  - opcode: CMP
    reg1: 10
    reg2: 13
    index: 49
  - opcode: JZ
    reg1: 10
    address: 52
    index: 50
  - opcode: JMP
    address: 55
    index: 51
  - opcode: CMP
    reg1: 10
    reg2: 10
    index: 52
  - opcode: ADD
    reg1: 12
    reg2: 10
    index: 53
  - opcode: JMP
    address: 47
    index: 54
  - opcode: CMP
    reg1: 13
    reg2: 13
    index: 55
  - opcode: PUSH
    reg1: 11
    index: 56
  - opcode: POP
    reg1: 12
    index: 57
  - opcode: POP
    reg1: 11
    index: 58
  - opcode: POP
    reg1: 10
    index: 59
  data_memory:
  - value: '0x00'
    annotation: number
    index: 0
  - value: 256
    annotation: number
    index: 1
  - value: 514
    annotation: number
    index: 2
  - value: '0x00'
    annotation: number
    index: 3
  - index: 4
  - index: 5
  - index: 6
  - index: 7
  - index: 8
  - index: 9
  - index: 10
  - index: 11
  - index: 12
  - index: 13
  - index: 14
  - index: 15
  - index: 16
  - index: 17
  - index: 18
  - index: 19
  - index: 20
  - index: 21
  - index: 22
  - index: 23
  - index: 24
  - index: 25
  - index: 26
  - index: 27
  - index: 28
  - index: 29
  - index: 30
  - index: 31
  - index: 32
  - index: 33
  - index: 34
  - index: 35
  - index: 36
  - index: 37
  - index: 38
  - index: 39
  - index: 40
  - index: 41
  - index: 42
  - index: 43
  - index: 44
  - index: 45
  - index: 46
  - index: 47
  - index: 48
  - index: 49
  - index: 50
  - index: 51
  - index: 52
  - index: 53
  - index: 54
  - index: 55
  - index: 56
  - index: 57
  - index: 58
  - index: 59
  - index: 60
  - index: 61
  - index: 62
  - index: 63
  - index: 64
  - index: 65
  - index: 66
  - index: 67
  - index: 68
  - index: 69
  - index: 70
  - index: 71
  - index: 72
  - index: 73
  - index: 74
  - index: 75
  - index: 76
  - index: 77
  - index: 78
  - index: 79
  - index: 80
  - index: 81
  - index: 82
  - index: 83
  - index: 84
  - index: 85
  - index: 86
  - index: 87
  - index: 88
  - index: 89
  - index: 90
  - index: 91
  - index: 92
  - index: 93
  - index: 94
  - index: 95
  - index: 96
  - index: 97
  - index: 98
  - index: 99
  - index: 100
  - index: 101
  - index: 102
  - index: 103
  - index: 104
  - index: 105
  - index: 106
  - index: 107
  - index: 108
  - index: 109
  - index: 110
  - index: 111
  - index: 112
  - index: 113
  - index: 114
  - index: 115
  - index: 116
  - index: 117
  - index: 118
  - index: 119
  - index: 120
  - index: 121
  - index: 122
  - index: 123
  - index: 124
  - index: 125
  - index: 126
  - index: 127
  - value: 128
    annotation: string pointer
    index: 128
  - value: 514
    annotation: number
    index: 129
  - value: '0x00'
    annotation: number
    index: 130
  - value: H
    annotation: char
    index: 131
  - value: e
    annotation: char
    index: 132
  - value: l
    annotation: char
    index: 133
  - value: l
    annotation: char
    index: 134
  - value: o
    annotation: char
    index: 135
  - value: ' '
    annotation: char
    index: 136
  - value: w
    annotation: char
    index: 137
  - value: o
    annotation: char
    index: 138
  - value: r
    annotation: char
    index: 139
  - value: l
    annotation: char
    index: 140
  - value: d
    annotation: char
    index: 141
  - value: '!'
    annotation: char
    index: 142
  - value: '0x00'
    annotation: stop symbol
    index: 143
