input: |-
  (set a "1")
  (set b 2)

  (if (== b 3)
      (print b)
      (print a))

buffer: |-
  ["m", "a", "k", "s", "i", "m"]

log: |-
  sd

output:
  instruction_memory:
  - opcode: JMP
    address: 1
    index: 0
  - opcode: PUSH
    reg1: 10
    index: 1
  - opcode: PUSH
    reg1: 11
    index: 2
  - opcode: PUSH
    reg1: 12
    index: 3
  - opcode: LDR
    reg1: 12
    address: 0
    index: 4
  - opcode: LDR
    reg1: 11
    address: 1
    index: 5
  - opcode: LDR
    reg1: 10
    address: 512
    index: 6
  - opcode: JZ
    reg1: 10
    address: 13
    index: 7
  - opcode: LDR
    reg1: 10
    address: 513
    index: 8
  - opcode: STR
    reg1: 10
    reg2: 11
    index: 9
  - opcode: CMP
    reg1: 10
    reg2: 10
    index: 10
  - opcode: ADD
    reg1: 11
    reg2: 10
    index: 11
  - opcode: JMP
    address: 6
    index: 12
  - opcode: STR
    reg1: 12
    reg2: 11
    index: 13
  - opcode: POP
    reg1: 12
    index: 14
  - opcode: POP
    reg1: 11
    index: 15
  - opcode: POP
    reg1: 10
    index: 16
  - opcode: LDR
    reg1: 13
    address: 1
    index: 17
  - opcode: PUSH
    reg1: 13
    index: 18
  - opcode: POP
    reg1: 0
    index: 19
  - opcode: PUSH
    reg1: 10
    index: 20
  - opcode: PUSH
    reg1: 11
    index: 21
  - opcode: PUSH
    reg1: 12
    index: 22
  - opcode: LDR
    reg1: 11
    address: 2
    index: 23
  - opcode: LDR
    reg1: 13
    address: 3
    index: 24
  - opcode: MOV
    reg1: 12
    reg2: 0
    index: 25
  - opcode: ILDR
    reg1: 10
    reg2: 12
    index: 26
  - opcode: STR
    reg1: 10
    reg2: 11
    index: 27
  - opcode: CMP
    reg1: 10
    reg2: 13
    index: 28
  - opcode: JZ
    reg1: 10
    address: 31
    index: 29
  - opcode: JMP
    address: 34
    index: 30
  - opcode: CMP
    reg1: 10
    reg2: 10
    index: 31
  - opcode: ADD
    reg1: 12
    reg2: 10
    index: 32
  - opcode: JMP
    address: 26
    index: 33
  - opcode: CMP
    reg1: 13
    reg2: 13
    index: 34
  - opcode: PUSH
    reg1: 11
    index: 35
  - opcode: POP
    reg1: 12
    index: 36
  - opcode: POP
    reg1: 11
    index: 37
  - opcode: POP
    reg1: 10
    index: 38
  - opcode: JMP
    address: -1
    index: 39
  - opcode: LDR
    reg1: 0
    address: 128
    index: 40
  - opcode: PUSH
    reg1: 10
    index: 41
  - opcode: PUSH
    reg1: 11
    index: 42
  - opcode: PUSH
    reg1: 12
    index: 43
  - opcode: LDR
    reg1: 11
    address: 129
    index: 44
  - opcode: LDR
    reg1: 13
    address: 130
    index: 45
  - opcode: MOV
    reg1: 12
    reg2: 0
    index: 46
  - opcode: ILDR
    reg1: 10
    reg2: 12
    index: 47
  - opcode: STR
    reg1: 10
    reg2: 11
    index: 48
  - opcode: CMP
    reg1: 10
    reg2: 13
    index: 49
  - opcode: JZ
    reg1: 10
    address: 52
    index: 50
  - opcode: JMP
    address: 55
    index: 51
  - opcode: CMP
    reg1: 10
    reg2: 10
    index: 52
  - opcode: ADD
    reg1: 12
    reg2: 10
    index: 53
  - opcode: JMP
    address: 47
    index: 54
  - opcode: CMP
    reg1: 13
    reg2: 13
    index: 55
  - opcode: PUSH
    reg1: 11
    index: 56
  - opcode: POP
    reg1: 12
    index: 57
  - opcode: POP
    reg1: 11
    index: 58
  - opcode: POP
    reg1: 10
    index: 59
  - opcode: JMP
    address: -1
    index: 60
  - opcode: LDR
    reg1: 0
    address: 144
    index: 61
  - opcode: LDR
    reg1: 1
    address: 145
    index: 62
  - opcode: PUSH
    reg1: 10
    index: 63
  - opcode: PUSH
    reg1: 11
    index: 64
  - opcode: PUSH
    reg1: 12
    index: 65
  - opcode: LDR
    reg1: 10
    address: 146
    index: 66
  - opcode: MOV
    reg1: 11
    reg2: 1
    index: 67
  - opcode: CMP
    reg1: 11
    reg2: 10
    index: 68
  - opcode: MOV
    reg1: 13
    reg2: 11
    index: 69
  - opcode: POP
    reg1: 12
    index: 70
  - opcode: POP
    reg1: 11
    index: 71
  - opcode: POP
    reg1: 10
    index: 72
  - opcode: PUSH
    reg1: 13
    index: 73
  - opcode: POP
    reg1: 10
    index: 74
  - opcode: SUB
    reg1: 11
    reg2: 11
    index: 75
  - opcode: CMP
    reg1: 10
    reg2: 11
    index: 76
  - opcode: JZ
    reg1: 10
    address: 80
    index: 77
  - opcode: SUB
    reg1: 10
    reg2: 10
    index: 78
  - opcode: JMP
    address: 81
    index: 79
  - opcode: CMP
    reg1: 10
    reg2: 10
    index: 80
  - opcode: JZ
    reg1: 10
    address: 96
    index: 81
  - opcode: PUSH
    reg1: 10
    index: 82
  - opcode: PUSH
    reg1: 11
    index: 83
  - opcode: PUSH
    reg1: 12
    index: 84
  - opcode: LDR
    reg1: 11
    address: 147
    index: 85
  - opcode: LDR
    reg1: 13
    address: 148
    index: 86
  - opcode: MOV
    reg1: 10
    reg2: 1
    index: 87
  - opcode: STR
    reg1: 10
    reg2: 11
    index: 88
  - opcode: PUSH
    reg1: 11
    index: 89
  - opcode: POP
    reg1: 12
    index: 90
  - opcode: POP
    reg1: 11
    index: 91
  - opcode: POP
    reg1: 10
    index: 92
  - opcode: POP
    reg1: 13
    index: 93
  - opcode: PUSH
    reg1: 13
    index: 94
  - opcode: JMP
    address: 118
    index: 95
  - opcode: CMP
    reg1: 13
    reg2: 13
    index: 96
  - opcode: PUSH
    reg1: 10
    index: 97
  - opcode: PUSH
    reg1: 11
    index: 98
  - opcode: PUSH
    reg1: 12
    index: 99
  - opcode: LDR
    reg1: 11
    address: 149
    index: 100
  - opcode: LDR
    reg1: 13
    address: 150
    index: 101
  - opcode: MOV
    reg1: 12
    reg2: 0
    index: 102
  - opcode: ILDR
    reg1: 10
    reg2: 12
    index: 103
  - opcode: STR
    reg1: 10
    reg2: 11
    index: 104
  - opcode: CMP
    reg1: 10
    reg2: 13
    index: 105
  - opcode: JZ
    reg1: 10
    address: 108
    index: 106
  - opcode: JMP
    address: 111
    index: 107
  - opcode: CMP
    reg1: 10
    reg2: 10
    index: 108
  - opcode: ADD
    reg1: 12
    reg2: 10
    index: 109
  - opcode: JMP
    address: 103
    index: 110
  - opcode: CMP
    reg1: 13
    reg2: 13
    index: 111
  - opcode: PUSH
    reg1: 11
    index: 112
  - opcode: POP
    reg1: 12
    index: 113
  - opcode: POP
    reg1: 11
    index: 114
  - opcode: POP
    reg1: 10
    index: 115
  - opcode: POP
    reg1: 13
    index: 116
  - opcode: PUSH
    reg1: 13
    index: 117
  - opcode: CMP
    reg1: 13
    reg2: 13
    index: 118
  data_memory:
  - value: '0x00'
    annotation: number
    index: 0
  - value: 256
    annotation: number
    index: 1
  - value: 514
    annotation: number
    index: 2
  - value: '0x00'
    annotation: number
    index: 3
  - index: 4
  - index: 5
  - index: 6
  - index: 7
  - index: 8
  - index: 9
  - index: 10
  - index: 11
  - index: 12
  - index: 13
  - index: 14
  - index: 15
  - index: 16
  - index: 17
  - index: 18
  - index: 19
  - index: 20
  - index: 21
  - index: 22
  - index: 23
  - index: 24
  - index: 25
  - index: 26
  - index: 27
  - index: 28
  - index: 29
  - index: 30
  - index: 31
  - index: 32
  - index: 33
  - index: 34
  - index: 35
  - index: 36
  - index: 37
  - index: 38
  - index: 39
  - index: 40
  - index: 41
  - index: 42
  - index: 43
  - index: 44
  - index: 45
  - index: 46
  - index: 47
  - index: 48
  - index: 49
  - index: 50
  - index: 51
  - index: 52
  - index: 53
  - index: 54
  - index: 55
  - index: 56
  - index: 57
  - index: 58
  - index: 59
  - index: 60
  - index: 61
  - index: 62
  - index: 63
  - index: 64
  - index: 65
  - index: 66
  - index: 67
  - index: 68
  - index: 69
  - index: 70
  - index: 71
  - index: 72
  - index: 73
  - index: 74
  - index: 75
  - index: 76
  - index: 77
  - index: 78
  - index: 79
  - index: 80
  - index: 81
  - index: 82
  - index: 83
  - index: 84
  - index: 85
  - index: 86
  - index: 87
  - index: 88
  - index: 89
  - index: 90
  - index: 91
  - index: 92
  - index: 93
  - index: 94
  - index: 95
  - index: 96
  - index: 97
  - index: 98
  - index: 99
  - index: 100
  - index: 101
  - index: 102
  - index: 103
  - index: 104
  - index: 105
  - index: 106
  - index: 107
  - index: 108
  - index: 109
  - index: 110
  - index: 111
  - index: 112
  - index: 113
  - index: 114
  - index: 115
  - index: 116
  - index: 117
  - index: 118
  - index: 119
  - index: 120
  - index: 121
  - index: 122
  - index: 123
  - index: 124
  - index: 125
  - index: 126
  - index: 127
  - value: 128
    annotation: string pointer
    index: 128
  - value: 514
    annotation: number
    index: 129
  - value: '0x00'
    annotation: number
    index: 130
  - &id001
    value: H
    annotation: char
    index: 151
  - &id002
    value: e
    annotation: char
    index: 152
  - &id003
    value: l
    annotation: char
    index: 153
  - &id004
    value: l
    annotation: char
    index: 154
  - &id005
    value: o
    annotation: char
    index: 155
  - &id006
    value: ' '
    annotation: char
    index: 156
  - &id007
    value: w
    annotation: char
    index: 157
  - &id008
    value: o
    annotation: char
    index: 158
  - &id009
    value: r
    annotation: char
    index: 159
  - &id010
    value: l
    annotation: char
    index: 160
  - &id011
    value: d
    annotation: char
    index: 161
  - &id012
    value: '!'
    annotation: char
    index: 162
  - &id013
    value: '0x00'
    annotation: stop symbol
    index: 163
  - value: 141
    annotation: string pointer
    index: 144
  - value: 2
    annotation: number
    index: 145
  - value: 3
    annotation: number
    index: 146
  - value: 514
    annotation: number
    index: 147
  - value: '0x00'
    annotation: number
    index: 148
  - value: 514
    annotation: number
    index: 149
  - value: '0x00'
    annotation: number
    index: 150
  - *id001
  - *id002
  - *id003
  - *id004
  - *id005
  - *id006
  - *id007
  - *id008
  - *id009
  - *id010
  - *id011
  - *id012
  - *id013
  - value: '1'
    annotation: char
    index: 164
  - value: '0x00'
    annotation: stop symbol
    index: 165
